Archive member included because of file (symbol)

contiki-sky.a(rimeaddr.o)     sky-shell.co (rimeaddr_null)
contiki-sky.a(ctimer.o)       obj_sky/contiki-sky-main.o (ctimer_init)
contiki-sky.a(rime.o)         sky-shell.co (rime_mac)
contiki-sky.a(timesynch.o)    obj_sky/contiki-sky-main.o (timesynch_set_authority_level)
contiki-sky.a(rimestats.o)    contiki-sky.a(rime.o) (rimestats)
contiki-sky.a(announcement.o)
                              contiki-sky.a(rime.o) (announcement_init)
contiki-sky.a(neighbor.o)     sky-shell.co (neighbor_etx)
contiki-sky.a(chameleon.o)    contiki-sky.a(rime.o) (chameleon_init)
contiki-sky.a(channel.o)      contiki-sky.a(chameleon.o) (channel_init)
contiki-sky.a(chameleon-bitop)
                              contiki-sky.a(rime.o) (chameleon_bitopt)
contiki-sky.a(xmac.o)         obj_sky/contiki-sky-main.o (xmac_driver)
contiki-sky.a(framer.o)       contiki-sky.a(xmac.o) (framer_get)
contiki-sky.a(framer-nullmac.)
                              contiki-sky.a(framer.o) (framer_nullmac)
contiki-sky.a(framer-802154.o)
                              obj_sky/contiki-sky-main.o (framer_802154)
contiki-sky.a(csma.o)         obj_sky/contiki-sky-main.o (csma_init)
contiki-sky.a(process.o)      contiki-sky.a(ctimer.o) (process_current)
contiki-sky.a(autostart.o)    obj_sky/contiki-sky-main.o (autostart_start)
contiki-sky.a(compower.o)     contiki-sky.a(xmac.o) (compower_idle_activity)
contiki-sky.a(serial-line.o)  obj_sky/contiki-sky-main.o (serial_line_input_byte)
contiki-sky.a(memb.o)         contiki-sky.a(neighbor.o) (memb_init)
contiki-sky.a(timer.o)        obj_sky/contiki-sky-main.o (timer_set)
contiki-sky.a(list.o)         contiki-sky.a(ctimer.o) (list_init)
contiki-sky.a(etimer.o)       obj_sky/contiki-sky-main.o (etimer_process)
contiki-sky.a(energest.o)     obj_sky/contiki-sky-main.o (energest_init)
contiki-sky.a(rtimer.o)       obj_sky/contiki-sky-main.o (rtimer_init)
contiki-sky.a(random.o)       obj_sky/contiki-sky-main.o (random_init)
contiki-sky.a(ringbuf.o)      contiki-sky.a(serial-line.o) (ringbuf_init)
contiki-sky.a(serial-shell.o)
                              sky-shell.co (serial_shell_init)
contiki-sky.a(shell.o)        contiki-sky.a(serial-shell.o) (shell_input)
contiki-sky.a(shell-reboot.o)
                              sky-shell.co (shell_reboot_init)
contiki-sky.a(shell-ps.o)     sky-shell.co (shell_ps_init)
contiki-sky.a(shell-rime.o)   sky-shell.co (shell_rime_init)
contiki-sky.a(shell-blink.o)  sky-shell.co (shell_blink_init)
contiki-sky.a(shell-text.o)   sky-shell.co (shell_text_init)
contiki-sky.a(shell-time.o)   sky-shell.co (shell_time_init)
contiki-sky.a(shell-rime-ping)
                              sky-shell.co (shell_rime_ping_init)
contiki-sky.a(shell-rime-snif)
                              sky-shell.co (shell_rime_sniff_init)
contiki-sky.a(shell-rime-netc)
                              sky-shell.co (shell_rime_netcmd_init)
contiki-sky.a(shell-rime-debu)
                              sky-shell.co (shell_rime_debug_init)
contiki-sky.a(shell-power.o)  sky-shell.co (shell_power_init)
contiki-sky.a(shell-base64.o)
                              sky-shell.co (shell_base64_init)
contiki-sky.a(shell-sky.o)    sky-shell.co (shell_sky_init)
contiki-sky.a(msp430.o)       obj_sky/contiki-sky-main.o (msp430_cpu_init)
contiki-sky.a(leds.o)         obj_sky/contiki-sky-main.o (leds_init)
contiki-sky.a(watchdog.o)     contiki-sky.a(msp430.o) (watchdog_init)
contiki-sky.a(ds2411.o)       obj_sky/contiki-sky-main.o (ds2411_init)
contiki-sky.a(xmem.o)         obj_sky/contiki-sky-main.o (xmem_init)
contiki-sky.a(sht11.o)        contiki-sky.a(shell-sky.o) (sht11_temp)
contiki-sky.a(light-sensor.o)
                              sky-shell.co (light_sensor)
contiki-sky.a(battery-sensor.)
                              sky-shell.co (battery_sensor)
contiki-sky.a(cc2420.o)       obj_sky/contiki-sky-main.o (cc2420_driver)
contiki-sky.a(cc2420-arch.o)  contiki-sky.a(cc2420.o) (cc2420_arch_init)
contiki-sky.a(sht11-sensor.o)
                              sky-shell.co (sht11_sensor)
contiki-sky.a(node-id.o)      obj_sky/contiki-sky-main.o (node_id)
contiki-sky.a(sensors.o)      obj_sky/contiki-sky-main.o (sensors_process)
contiki-sky.a(button-sensor.o)
                              obj_sky/contiki-sky-main.o (button_sensor)
contiki-sky.a(sky-sensors.o)  contiki-sky.a(light-sensor.o) (sky_sensors_activate)
contiki-sky.a(uart1.o)        obj_sky/contiki-sky-main.o (uart1_active)
contiki-sky.a(clock.o)        sky-shell.co (clock_time)
contiki-sky.a(leds-arch.o)    contiki-sky.a(leds.o) (leds_arch_init)
contiki-sky.a(uart1-putchar.o)
                              obj_sky/contiki-sky-main.o (putchar)
contiki-sky.a(rtimer-arch.o)  contiki-sky.a(rtimer.o) (rtimer_arch_init)
contiki-sky.a(packetbuf.o)    contiki-sky.a(rime.o) (packetbuf_clear)
contiki-sky.a(queuebuf.o)     contiki-sky.a(rime.o) (queuebuf_init)
contiki-sky.a(broadcast.o)    contiki-sky.a(shell-rime-debu) (broadcast_open)
[...]
Memory Configuration

Name             Origin             Length             Attributes
text             0x00004000         0x0000bfe0         xr
data             0x00001100         0x00002800         xrw
vectors          0x0000ffe0         0x00000020         rw
bootloader       0x00000c00         0x00000400         xr
infomem          0x00001000         0x00000100         xr
infomemnobits    0x00001000         0x00000100         xr
*default*        0x00000000         0xffffffff

Linker script and memory map

LOAD /home/dexter/programmering/isn/Build-an-indoor-sensor-network/tools/msp430/bin/../lib/gcc-lib/msp430/3.2.3/../../../../msp430/lib/crt430x1611.o
LOAD sky-shell.co
LOAD obj_sky/contiki-sky-main.o
LOAD contiki-sky.a
LOAD /home/dexter/programmering/isn/Build-an-indoor-sensor-network/tools/msp430/bin/../lib/gcc-lib/msp430/3.2.3/msp2/libgcc.a
LOAD /home/dexter/programmering/isn/Build-an-indoor-sensor-network/tools/msp430/bin/../lib/gcc-lib/msp430/3.2.3/../../../../msp430/lib/msp2/libc.a
LOAD /home/dexter/programmering/isn/Build-an-indoor-sensor-network/tools/msp430/bin/../lib/gcc-lib/msp430/3.2.3/msp2/libgcc.a

.hash
 *(.hash)

.dynsym
 *(.dynsym)

.dynstr
 *(.dynstr)

.gnu.version
 *(.gnu.version)

.gnu.version_d
 *(.gnu.version_d)

.gnu.version_r
 *(.gnu.version_r)

.rel.init
 *(.rel.init)

.rela.init
 *(.rela.init)

.rel.text
 *(.rel.text)
 *(.rel.text.*)
 *(.rel.gnu.linkonce.t*)

.rela.text
 *(.rela.text)
 *(.rela.text.*)
 *(.rela.gnu.linkonce.t*)

.rel.fini
 *(.rel.fini)

.rela.fini
 *(.rela.fini)

.rel.rodata
 *(.rel.rodata)
 *(.rel.rodata.*)
 *(.rel.gnu.linkonce.r*)

.rela.rodata
 *(.rela.rodata)
 *(.rela.rodata.*)
 *(.rela.gnu.linkonce.r*)

.rel.data
 *(.rel.data)
 *(.rel.data.*)
 *(.rel.gnu.linkonce.d*)

.rela.data
 *(.rela.data)
 *(.rela.data.*)
 *(.rela.gnu.linkonce.d*)

.rel.ctors
 *(.rel.ctors)

.rela.ctors
 *(.rela.ctors)

.rel.dtors
 *(.rel.dtors)

.rela.dtors
 *(.rela.dtors)

.rel.got
 *(.rel.got)

.rela.got
 *(.rela.got)

.rel.bss
 *(.rel.bss)

.rela.bss
 *(.rela.bss)

.rel.plt
 *(.rel.plt)

.rela.plt
 *(.rela.plt)

.text           0x00004000     0xb0b4
                0x00004000                . = ALIGN (0x2)
 *(.init)
 .init          0x00004000       0x3a /home/dexter/programmering/isn/Build-an-indoor-sensor-network/tools/msp430/bin/../lib/gcc-lib/msp430/3.2.3/msp2/libgcc.a(_reset_vector__.o)
                0x00004000                _reset_vector__
 *(.init0)
 *(.init1)
 *(.init2)
 *(.init3)
 *(.init4)
 *(.init5)
 *(.init6)
 *(.init7)
 *(.init8)
 *(.init9)
                0x0000403a                __ctors_start = .
 *(.ctors)
                0x0000403a                __ctors_end = .
                0x0000403a                __dtors_start = .
 *(.dtors)
                0x0000403a                __dtors_end = .
                0x0000403a                . = ALIGN (0x2)
 *(.text)
 .text          0x0000403a        0x6 /home/dexter/programmering/isn/Build-an-indoor-sensor-network/tools/msp430/bin/../lib/gcc-lib/msp430/3.2.3/../../../../msp430/lib/crt430x1611.o
                0x0000403a                _unexpected_1_
                0x0000403a                vector_ffe0
                0x0000403a                vector_fff0
                0x0000403a                vector_fffc
                0x0000403e                _unexpected_
                0x0000403a                vector_fffa
                0x0000403a                vector_ffee
                0x0000403a                vector_fff4
                0x0000403a                vector_fff8
                0x0000403a                vector_fff2
                0x0000403a                vector_fff6
 .text          0x00004040      0x362 sky-shell.co
                0x00004052                autostart_processes
 .text          0x000043a2      0x3c8 obj_sky/contiki-sky-main.o
                0x00004518                main
                0x000043a2                uip_log
 .text          0x0000476a       0x42 contiki-sky.a(rimeaddr.o)
                0x000047a0                rimeaddr_set_node_addr
                0x0000476a                rimeaddr_null
                0x0000476c                rimeaddr_copy
                0x0000477a                rimeaddr_cmp
 .text          0x000047ac      0x208 contiki-sky.a(ctimer.o)
                0x0000488c                ctimer_set
                0x0000491e                ctimer_restart
                0x000048e4                ctimer_reset
                0x00004874                ctimer_init
                0x00004980                ctimer_expired
                0x00004958                ctimer_stop
 .text          0x000049b4       0xca contiki-sky.a(rime.o)
                0x00004a0c                rime_init
                0x000049b4                rime_sniffer_add
                0x000049c0                rime_sniffer_remove
                0x00004a34                rime_output
 .text          0x00004a7e       0x6e contiki-sky.a(timesynch.o)
                0x00004a8a                timesynch_time
                0x00004a94                timesynch_time_to_rtimer
                0x00004ae2                timesynch_init
                0x00004a7e                timesynch_authority_level
                0x00004a9a                timesynch_rtimer_to_time
                0x00004a84                timesynch_set_authority_level
                0x00004aa0                timesynch_offset
 .text          0x00004aec        0x0 contiki-sky.a(rimestats.o)
 .text          0x00004aec       0xe0 contiki-sky.a(announcement.o)
                0x00004b36                announcement_set_value
                0x00004af6                announcement_register
                0x00004b8a                announcement_heard
                0x00004b7a                announcement_register_observer_callback
                0x00004b74                announcement_register_listen_callback
                0x00004b66                announcement_listen
                0x00004aec                announcement_init
                0x00004b80                announcement_list
                0x00004b2a                announcement_remove
                0x00004b4c                announcement_set_id
 .text          0x00004bcc      0x392 contiki-sky.a(neighbor.o)
                0x00004d48                neighbor_etx
                0x00004cd2                neighbor_timedout_etx
                0x00004cc0                neighbor_update
                0x00004d18                neighbor_update_etx
                0x00004d68                neighbor_add
                0x00004e6e                neighbor_remove
                0x00004c8c                neighbor_find
                0x00004f26                neighbor_set_lifetime
                0x00004f2c                neighbor_num
                0x00004ec8                neighbor_best
                0x00004f36                neighbor_get
                0x00004c5c                neighbor_init
 .text          0x00004f5e      0x258 contiki-sky.a(chameleon.o)
                0x0000519e                chameleon_hdrsize
                0x00004f5e                chameleon_init
                0x0000509e                chameleon_input
                0x00005140                chameleon_output
 .text          0x000051b6       0x6c contiki-sky.a(channel.o)
                0x00005200                channel_lookup
                0x000051c0                channel_set_attributes
                0x000051b6                channel_init
                0x000051e4                channel_open
                0x000051f4                channel_close
 .text          0x00005222      0x458 contiki-sky.a(chameleon-bitop)
                0x00005612                get_bits_in_byte
                0x0000533a                set_bits
                0x0000564a                set_bits_in_byte
                0x0000560a                chameleon_bitopt
                0x0000522c                get_bits
 .text          0x0000567a      0x8ce contiki-sky.a(xmac.o)
                0x00005e72                xmac_set_announcement_radio_txpower
                0x00005e78                xmac_init
                0x00005f38                xmac_driver
 .text          0x00005f48       0x14 contiki-sky.a(framer.o)
                0x00005f56                framer_set
                0x00005f48                framer_get
 .text          0x00005f5c       0x68 contiki-sky.a(framer-nullmac.)
                0x00005fc0                framer_nullmac
 .text          0x00005fc4      0x1a0 contiki-sky.a(framer-802154.o)
                0x00006160                framer_802154
 .text          0x00006164      0x19e contiki-sky.a(csma.o)
                0x00006298                csma_driver
                0x000062ae                csma_init
 .text          0x00006302      0x2d0 contiki-sky.a(process.o)
                0x00006544                process_post
                0x00006536                process_nevents
                0x0000630c                process_start
                0x00006598                process_post_synch
                0x000065aa                process_poll
                0x00006302                process_alloc_event
                0x00006416                process_exit
                0x000065c4                process_is_running
                0x00006420                process_init
                0x0000651a                process_run
 .text          0x000065d2       0x5e contiki-sky.a(autostart.o)
                0x00006602                autostart_exit
                0x000065d2                autostart_start
 .text          0x00006630       0x96 contiki-sky.a(compower.o)
                0x0000663a                compower_accumulate
                0x000066a8                compower_accumulate_attrs
                0x0000669c                compower_attrconv
                0x00006630                compower_init
                0x0000668a                compower_clear
 .text          0x000066c6      0x130 contiki-sky.a(serial-line.o)
                0x000066d4                serial_line_input_byte
                0x000067da                serial_line_init
 .text          0x000067f6      0x140 contiki-sky.a(memb.o)
                0x00006876                memb_alloc
                0x000068b8                memb_free
                0x000067f6                memb_init
                0x000068fa                memb_inmemb
 .text          0x00006936       0x5e contiki-sky.a(timer.o)
                0x00006962                timer_expired
                0x00006980                timer_remaining
                0x00006936                timer_set
                0x00006952                timer_restart
                0x0000694a                timer_reset
 .text          0x00006994       0xea contiki-sky.a(list.o)
                0x0000699e                list_copy
                0x000069e4                list_push
                0x00006a1c                list_pop
                0x000069c0                list_add
                0x00006a54                list_length
                0x000069a6                list_tail
                0x0000699a                list_head
                0x00006a68                list_insert
                0x000069f0                list_chop
                0x00006994                list_init
                0x00006a2a                list_remove
 .text          0x00006a7e      0x254 contiki-sky.a(etimer.o)
                0x00006c6c                etimer_pending
                0x00006c20                etimer_reset
                0x00006c0e                etimer_set
                0x00006c44                etimer_adjust
                0x00006c32                etimer_restart
                0x00006c68                etimer_start_time
                0x00006c78                etimer_next_expiration_time
                0x00006bca                etimer_request_poll
                0x00006c5e                etimer_expiration_time
                0x00006c8a                etimer_stop
                0x00006c50                etimer_expired
 .text          0x00006cd2       0xc0 contiki-sky.a(energest.o)
                0x00006d44                energest_type_set
                0x00006d3e                energest_leveldevice_leveltime
                0x00006d52                energest_flush
                0x00006cd2                energest_init
                0x00006cf8                energest_type_time
 .text          0x00006d92       0x60 contiki-sky.a(rtimer.o)
                0x00006dca                rtimer_run_next
                0x00006d98                rtimer_set
                0x00006d92                rtimer_init
 .text          0x00006df2        0xc contiki-sky.a(random.o)
                0x00006df8                random_rand
                0x00006df2                random_init
 .text          0x00006dfe       0xa4 contiki-sky.a(ringbuf.o)
                0x00006dfe                ringbuf_init
                0x00006e8e                ringbuf_elements
                0x00006e12                ringbuf_put
                0x00006e50                ringbuf_get
                0x00006e86                ringbuf_size
 .text          0x00006ea2       0xe6 contiki-sky.a(serial-shell.o)
                0x00006efe                shell_prompt
                0x00006ec4                shell_default_output
                0x00006f7c                serial_shell_init
 .text          0x00006f88      0x9ca contiki-sky.a(shell.o)
                0x000078c4                shell_set_time
                0x000075c2                shell_register_command
                0x00007514                shell_output_str
                0x00007916                shell_start
                0x000078b6                shell_time
                0x0000793c                shell_quit
                0x000077b4                shell_init
                0x0000757c                shell_output
                0x00007412                shell_start_command
                0x000075b6                shell_unregister_command
                0x0000780c                shell_strtolong
                0x000074b6                shell_input
 .text          0x00007952      0x124 contiki-sky.a(shell-reboot.o)
                0x00007a6c                shell_reboot_init
 .text          0x00007a76       0x80 contiki-sky.a(shell-ps.o)
                0x00007aec                shell_ps_init
 .text          0x00007af6      0x8e8 contiki-sky.a(shell-rime.o)
                0x00008388                shell_rime_init
 .text          0x000083de      0x1b0 contiki-sky.a(shell-blink.o)
                0x00008584                shell_blink_init
 .text          0x0000858e      0x42a contiki-sky.a(shell-text.o)
                0x00008996                shell_text_init
 .text          0x000089b8      0x6a4 contiki-sky.a(shell-time.o)
                0x0000903a                shell_time_init
 .text          0x0000905c      0x3e2 contiki-sky.a(shell-rime-ping)
                0x00009424                shell_rime_ping_init
 .text          0x0000943e      0x18a contiki-sky.a(shell-rime-snif)
                0x000095be                shell_rime_sniff_init
 .text          0x000095c8      0x214 contiki-sky.a(shell-rime-netc)
                0x000097be                shell_rime_netcmd_init
 .text          0x000097dc      0x4d6 contiki-sky.a(shell-rime-debu)
                0x00009c80                shell_rime_debug_init
 .text          0x00009cb2      0x588 contiki-sky.a(shell-power.o)
                0x0000a220                shell_power_init
 .text          0x0000a23a      0x218 contiki-sky.a(shell-base64.o)
                0x0000a448                shell_base64_init
 .text          0x0000a452      0x64a contiki-sky.a(shell-sky.o)
                0x0000aa72                shell_sky_init
 .text          0x0000aa9c      0x126 contiki-sky.a(msp430.o)
                0x0000ab58                splhigh_
                0x0000ab64                msp430_sync_dco
                0x0000ab18                msp430_cpu_init
                0x0000ab60                splx_
                0x0000ab38                sbrk
                0x0000aa9c                msp430_init_dco
 .text          0x0000abc2      0x172 contiki-sky.a(leds.o)
                0x0000ace8                leds_toggle
                0x0000acbc                leds_on
                0x0000acd2                leds_off
                0x0000ad20                leds_red
                0x0000acb4                leds_get
                0x0000acf8                leds_green
                0x0000acee                leds_invert
                0x0000ac90                leds_blink
                0x0000ad0c                leds_yellow
                0x0000ac82                leds_init
 .text          0x0000ad34       0x40 contiki-sky.a(watchdog.o)
                0x0000ad4c                watchdog_periodic
                0x0000ad3e                watchdog_start
                0x0000ad62                watchdog_stop
                0x0000ad6e                watchdog_reboot
                0x0000ad34                watchdog_init
 .text          0x0000ad74      0x1bc contiki-sky.a(ds2411.o)
                0x0000ae82                ds2411_init
 .text          0x0000af30      0x368 contiki-sky.a(xmem.o)
                0x0000b02c                xmem_pread
                0x0000b18e                xmem_pwrite
                0x0000b010                xmem_init
                0x0000b230                xmem_erase
 .text          0x0000b298      0x2aa contiki-sky.a(sht11.o)
                0x0000b4d6                sht11_temp
                0x0000b404                sht11_init
                0x0000b4ea                sht11_sreg
                0x0000b418                sht11_off
                0x0000b4e0                sht11_humidity
 .text          0x0000b542       0x80 contiki-sky.a(light-sensor.o)
                0x0000b5ba                light_sensor
 .text          0x0000b5c2       0x62 contiki-sky.a(battery-sensor.)
                0x0000b61c                battery_sensor
 .text          0x0000b624      0x8d8 contiki-sky.a(cc2420.o)
                0x0000b88a                cc2420_init
                0x0000bbbe                cc2420_set_pan_addr
                0x0000b632                cc2420_driver
                0x0000bcbe                cc2420_interrupt
                0x0000bb7c                cc2420_set_channel
                0x0000bea6                cc2420_set_txpower
                0x0000beb4                cc2420_get_txpower
                0x0000b884                cc2420_set_receiver
                0x0000bd32                cc2420_read
                0x0000bb76                cc2420_get_channel
                0x0000bb5c                cc2420_on
                0x0000b93e                cc2420_send
                0x0000bb3c                cc2420_off
                0x0000bec2                cc2420_rssi
 .text          0x0000befc       0x58 contiki-sky.a(cc2420-arch.o)
                0x0000befc                cc24240_port1_interrupt
                0x0000befc                vector_ffe8
                0x0000bf44                cc2420_arch_init
 .text          0x0000bf54       0x9a contiki-sky.a(sht11-sensor.o)
                0x0000bfe6                sht11_sensor
 .text          0x0000bfee       0x76 contiki-sky.a(node-id.o)
                0x0000c026                node_id_burn
                0x0000bfee                node_id_restore
 .text          0x0000c064      0x1a2 contiki-sky.a(sensors.o)
                0x0000c0b6                sensors_find
                0x0000c090                sensors_first
                0x0000c096                sensors_next
                0x0000c0a2                sensors_changed
 .text          0x0000c206      0x110 contiki-sky.a(button-sensor.o)
                0x0000c206                irq_p2
                0x0000c206                vector_ffe2
                0x0000c30e                button_sensor
 .text          0x0000c316       0x76 contiki-sky.a(sky-sensors.o)
                0x0000c358                sky_sensors_deactivate
                0x0000c316                sky_sensors_activate
 .text          0x0000c38c      0x1a6 contiki-sky.a(uart1.o)
                0x0000c3d6                uart1_init
                0x0000c502                vector_ffe4
                0x0000c4ac                uart1_rx_interrupt
                0x0000c3a6                uart1_writeb
                0x0000c3a0                uart1_set_input
                0x0000c38c                uart1_active
                0x0000c502                uart1_tx_interrupt
                0x0000c4ac                vector_ffe6
 .text          0x0000c532      0x13a contiki-sky.a(clock.o)
                0x0000c666                clock_counter
                0x0000c5f6                clock_fine_max
                0x0000c606                clock_init
                0x0000c62e                clock_wait
                0x0000c64c                clock_seconds
                0x0000c532                timera1
                0x0000c5fc                clock_fine
                0x0000c628                clock_delay
                0x0000c5e0                clock_set
                0x0000c64a                clock_set_seconds
                0x0000c5da                clock_time
                0x0000c532                vector_ffea
 .text          0x0000c66c       0x70 contiki-sky.a(leds-arch.o)
                0x0000c66c                leds_arch_init
                0x0000c67a                leds_arch_get
                0x0000c6b2                leds_arch_set
 .text          0x0000c6dc        0xe contiki-sky.a(uart1-putchar.o)
                0x0000c6dc                putchar
 .text          0x0000c6ea       0x36 contiki-sky.a(rtimer-arch.o)
                0x0000c6ea                vector_ffec
                0x0000c70e                rtimer_arch_init
                0x0000c71a                rtimer_arch_schedule
                0x0000c6ea                timera0
 .text          0x0000c720      0x2fa contiki-sky.a(packetbuf.o)
                0x0000c858                packetbuf_copyto
                0x0000c960                packetbuf_is_reference
                0x0000c9d2                packetbuf_attr_copyto
                0x0000c748                packetbuf_copyfrom
                0x0000c928                packetbuf_set_datalen
                0x0000c97c                packetbuf_datalen
                0x0000c9f6                packetbuf_attr_copyfrom
                0x0000c976                packetbuf_reference_ptr
                0x0000c740                packetbuf_clear_hdr
                0x0000c818                packetbuf_copyto_hdr
                0x0000c98e                packetbuf_totlen
                0x0000c946                packetbuf_reference
                0x0000c8f0                packetbuf_hdralloc
                0x0000c982                packetbuf_hdrlen
                0x0000c93c                packetbuf_hdrptr
                0x0000c90e                packetbuf_hdrreduce
                0x0000c92e                packetbuf_dataptr
                0x0000c78e                packetbuf_compact
                0x0000c720                packetbuf_clear
                0x0000c9a2                packetbuf_attr_clear
 .text          0x0000ca1a      0x170 contiki-sky.a(queuebuf.o)
                0x0000cb54                queuebuf_dataptr
                0x0000cb86                queuebuf_datalen
                0x0000ca94                queuebuf_free
                0x0000ca1a                queuebuf_init
                0x0000ca2c                queuebuf_new_from_packetbuf
                0x0000cacc                queuebuf_to_packetbuf
 .text          0x0000cb8a       0x70 contiki-sky.a(broadcast.o)
                0x0000cbb0                broadcast_open
                0x0000cbda                broadcast_close
                0x0000cbe0                broadcast_send
 .text          0x0000cbfa       0x76 contiki-sky.a(unicast.o)
                0x0000cc2a                unicast_open
                0x0000cc5a                unicast_send
                0x0000cc54                unicast_close
 .text          0x0000cc70       0x3c contiki-sky.a(abc.o)
                0x0000cc9e                abc_send
                0x0000cca4                abc_input
                0x0000cc72                abc_open
                0x0000cc98                abc_close
 .text          0x0000ccac      0x1e4 contiki-sky.a(netflood.o)
                0x0000ce26                netflood_close
                0x0000cdfa                netflood_open
                0x0000ce8a                netflood_cancel
                0x0000ce2c                netflood_send
 .text          0x0000ce90      0x222 contiki-sky.a(trickle.o)
                0x0000d05c                trickle_close
                0x0000d07c                trickle_send
                0x0000d01e                trickle_open
 .text          0x0000d0b2      0x188 contiki-sky.a(mesh.o)
                0x0000d1e2                mesh_send
                0x0000d1cc                mesh_close
                0x0000d18e                mesh_open
 .text          0x0000d23a      0x1f8 contiki-sky.a(route.o)
                0x0000d390                route_decay
                0x0000d3e6                route_set_lifetime
                0x0000d2b0                route_add
                0x0000d28c                route_init
                0x0000d3cc                route_flush_all
                0x0000d3b0                route_remove
                0x0000d382                route_refresh
                0x0000d40a                route_get
                0x0000d338                route_lookup
                0x0000d3ec                route_num
 .text          0x0000d432      0x27c contiki-sky.a(route-discovery)
                0x0000d60c                route_discovery_open
                0x0000d63e                route_discovery_close
                0x0000d678                route_discovery_discover
 .text          0x0000d6ae      0x380 contiki-sky.a(collect.o)
                0x0000d8f6                collect_open
                0x0000da28                collect_depth
                0x0000d990                collect_send
                0x0000d94e                collect_close
                0x0000d964                collect_set_sink
 .text          0x0000da2e      0x3d0 contiki-sky.a(frame802154.o)
                0x0000dae2                frame802154_create
                0x0000dc54                frame802154_parse
                0x0000daba                frame802154_hdrlen
 .text          0x0000ddfe       0x62 contiki-sky.a(crc16.o)
                0x0000de3c                crc16_data
                0x0000ddfe                crc16_add
 .text          0x0000de60       0x36 contiki-sky.a(spi.o)
                0x0000de60                spi_init
 .text          0x0000de96      0x120 contiki-sky.a(packetqueue.o)
                0x0000df5a                packetqueue_dequeue
                0x0000df9a                packetqueue_queuebuf
                0x0000df50                packetqueue_first
                0x0000de96                packetqueue_init
                0x0000dee4                packetqueue_enqueue_packetbuf
                0x0000dfa8                packetqueue_ptr
 .text          0x0000dfb6      0x1f8 contiki-sky.a(runicast.o)
                0x0000e148                runicast_close
                0x0000e112                runicast_open
                0x0000e14e                runicast_is_transmitting
                0x0000e154                runicast_send
 .text          0x0000e1ae      0x1d2 contiki-sky.a(ipolite.o)
                0x0000e2d6                ipolite_send
                0x0000e28c                ipolite_open
                0x0000e2b0                ipolite_close
                0x0000e360                ipolite_cancel
 .text          0x0000e380      0x132 contiki-sky.a(multihop.o)
                0x0000e38c                data_packet_received
                0x0000e448                multihop_close
                0x0000e41e                multihop_open
                0x0000e44e                multihop_send
 .text          0x0000e4b2      0x124 contiki-sky.a(stunicast.o)
                0x0000e5c6                stunicast_send
                0x0000e552                stunicast_send_stubborn
                0x0000e5cc                stunicast_cancel
                0x0000e4e2                stunicast_close
                0x0000e4c8                stunicast_open
                0x0000e504                stunicast_receiver
                0x0000e542                stunicast_set_timer
 .text          0x0000e5d6        0x0 /home/dexter/programmering/isn/Build-an-indoor-sensor-network/tools/msp430/bin/../lib/gcc-lib/msp430/3.2.3/msp2/libgcc.a(__stop_progExec__.o)
 .text          0x0000e5d6        0x0 /home/dexter/programmering/isn/Build-an-indoor-sensor-network/tools/msp430/bin/../lib/gcc-lib/msp430/3.2.3/msp2/libgcc.a(_mulsi3hw.o)
 .text          0x0000e5d6        0x0 /home/dexter/programmering/isn/Build-an-indoor-sensor-network/tools/msp430/bin/../lib/gcc-lib/msp430/3.2.3/msp2/libgcc.a(_udivmodhi4.o)
 .text          0x0000e5d6        0x0 /home/dexter/programmering/isn/Build-an-indoor-sensor-network/tools/msp430/bin/../lib/gcc-lib/msp430/3.2.3/msp2/libgcc.a(_divmodhi4.o)
 .text          0x0000e5d6        0x0 /home/dexter/programmering/isn/Build-an-indoor-sensor-network/tools/msp430/bin/../lib/gcc-lib/msp430/3.2.3/msp2/libgcc.a(_udivmodsi4.o)
 .text          0x0000e5d6        0x0 /home/dexter/programmering/isn/Build-an-indoor-sensor-network/tools/msp430/bin/../lib/gcc-lib/msp430/3.2.3/msp2/libgcc.a(_divmodsi4.o)
 .text          0x0000e5d6        0x0 /home/dexter/programmering/isn/Build-an-indoor-sensor-network/tools/msp430/bin/../lib/gcc-lib/msp430/3.2.3/msp2/libgcc.a(_reset_vector__.o)
 .text          0x0000e5d6       0x16 /home/dexter/programmering/isn/Build-an-indoor-sensor-network/tools/msp430/bin/../lib/gcc-lib/msp430/3.2.3/../../../../msp430/lib/msp2/libc.a(sprintf.o)
                0x0000e5d6                sprintf
 .text          0x0000e5ec       0x2a /home/dexter/programmering/isn/Build-an-indoor-sensor-network/tools/msp430/bin/../lib/gcc-lib/msp430/3.2.3/../../../../msp430/lib/msp2/libc.a(snprintf.o)
                0x0000e5ec                snprintf
 .text          0x0000e616       0x2a /home/dexter/programmering/isn/Build-an-indoor-sensor-network/tools/msp430/bin/../lib/gcc-lib/msp430/3.2.3/../../../../msp430/lib/msp2/libc.a(vsprintf.o)
                0x0000e626                vsprintf
 .text          0x0000e640       0x48 /home/dexter/programmering/isn/Build-an-indoor-sensor-network/tools/msp430/bin/../lib/gcc-lib/msp430/3.2.3/../../../../msp430/lib/msp2/libc.a(vsnprintf.o)
                0x0000e660                vsnprintf
 .text          0x0000e688       0x12 /home/dexter/programmering/isn/Build-an-indoor-sensor-network/tools/msp430/bin/../lib/gcc-lib/msp430/3.2.3/../../../../msp430/lib/msp2/libc.a(printf.o)
                0x0000e688                printf
 .text          0x0000e69a      0x624 /home/dexter/programmering/isn/Build-an-indoor-sensor-network/tools/msp430/bin/../lib/gcc-lib/msp430/3.2.3/../../../../msp430/lib/msp2/libc.a(vuprintf.o)
                0x0000e6fe                vuprintf
 .text          0x0000ecbe       0x2e /home/dexter/programmering/isn/Build-an-indoor-sensor-network/tools/msp430/bin/../lib/gcc-lib/msp430/3.2.3/../../../../msp430/lib/msp2/libc.a(puts.o)
                0x0000ecbe                puts
 .text          0x0000ecec       0x6c /home/dexter/programmering/isn/Build-an-indoor-sensor-network/tools/msp430/bin/../lib/gcc-lib/msp430/3.2.3/../../../../msp430/lib/msp2/libc.a(rand.o)
                0x0000ed26                rand_r
                0x0000ed44                rand
                0x0000ed4e                srand
 .text          0x0000ed58       0x1a /home/dexter/programmering/isn/Build-an-indoor-sensor-network/tools/msp430/bin/../lib/gcc-lib/msp430/3.2.3/../../../../msp430/lib/msp2/libc.a(strchr.o)
                0x0000ed58                strchr
 .text          0x0000ed72       0x24 /home/dexter/programmering/isn/Build-an-indoor-sensor-network/tools/msp430/bin/../lib/gcc-lib/msp430/3.2.3/../../../../msp430/lib/msp2/libc.a(memchr.o)
                0x0000ed72                memchr
 .text          0x0000ed96       0x36 /home/dexter/programmering/isn/Build-an-indoor-sensor-network/tools/msp430/bin/../lib/gcc-lib/msp430/3.2.3/../../../../msp430/lib/msp2/libc.a(strcmp.o)
                0x0000ed96                strcmp
 .text          0x0000edcc       0x30 /home/dexter/programmering/isn/Build-an-indoor-sensor-network/tools/msp430/bin/../lib/gcc-lib/msp430/3.2.3/../../../../msp430/lib/msp2/libc.a(strncmp.o)
                0x0000edcc                strncmp
 .text          0x0000edfc       0x30 /home/dexter/programmering/isn/Build-an-indoor-sensor-network/tools/msp430/bin/../lib/gcc-lib/msp430/3.2.3/../../../../msp430/lib/msp2/libc.a(memcmp.o)
                0x0000edfc                memcmp
 .text          0x0000ee2c       0x20 /home/dexter/programmering/isn/Build-an-indoor-sensor-network/tools/msp430/bin/../lib/gcc-lib/msp430/3.2.3/../../../../msp430/lib/msp2/libc.a(strcpy.o)
                0x0000ee2c                strcpy
 .text          0x0000ee4c       0x32 /home/dexter/programmering/isn/Build-an-indoor-sensor-network/tools/msp430/bin/../lib/gcc-lib/msp430/3.2.3/../../../../msp430/lib/msp2/libc.a(strncpy.o)
                0x0000ee4c                strncpy
 .text          0x0000ee7e       0xd4 /home/dexter/programmering/isn/Build-an-indoor-sensor-network/tools/msp430/bin/../lib/gcc-lib/msp430/3.2.3/../../../../msp430/lib/msp2/libc.a(memcpy.o)
                0x0000ee7e                memcpy
 .text          0x0000ef52       0x70 /home/dexter/programmering/isn/Build-an-indoor-sensor-network/tools/msp430/bin/../lib/gcc-lib/msp430/3.2.3/../../../../msp430/lib/msp2/libc.a(memset.o)
                0x0000ef52                memset
                0x0000efc2                . = ALIGN (0x2)
 *(.text.*)
 .text.libgcc   0x0000efc2        0x4 /home/dexter/programmering/isn/Build-an-indoor-sensor-network/tools/msp430/bin/../lib/gcc-lib/msp430/3.2.3/msp2/libgcc.a(__stop_progExec__.o)
                0x0000efc2                __stop_progExec__
 .text.libgcc   0x0000efc6       0x28 /home/dexter/programmering/isn/Build-an-indoor-sensor-network/tools/msp430/bin/../lib/gcc-lib/msp430/3.2.3/msp2/libgcc.a(_mulsi3hw.o)
                0x0000efc6                __umulsi3hw
 .text.libgcc   0x0000efee       0x1c /home/dexter/programmering/isn/Build-an-indoor-sensor-network/tools/msp430/bin/../lib/gcc-lib/msp430/3.2.3/msp2/libgcc.a(_udivmodhi4.o)
                0x0000efee                __udivmodhi4
 .text.libgcc   0x0000f00a       0x36 /home/dexter/programmering/isn/Build-an-indoor-sensor-network/tools/msp430/bin/../lib/gcc-lib/msp430/3.2.3/msp2/libgcc.a(_divmodhi4.o)
                0x0000f00a                __divmodhi4
 .text.libgcc   0x0000f040       0x2a /home/dexter/programmering/isn/Build-an-indoor-sensor-network/tools/msp430/bin/../lib/gcc-lib/msp430/3.2.3/msp2/libgcc.a(_udivmodsi4.o)
                0x0000f040                __udivmodsi4
 .text.libgcc   0x0000f06a       0x4a /home/dexter/programmering/isn/Build-an-indoor-sensor-network/tools/msp430/bin/../lib/gcc-lib/msp430/3.2.3/msp2/libgcc.a(_divmodsi4.o)
                0x0000f06a                __divmodsi4
 .text.libgcc   0x0000f0b4        0x0 /home/dexter/programmering/isn/Build-an-indoor-sensor-network/tools/msp430/bin/../lib/gcc-lib/msp430/3.2.3/msp2/libgcc.a(_reset_vector__.o)
                0x0000f0b4                . = ALIGN (0x2)
 *(.fini9)
 *(.fini8)
 *(.fini7)
 *(.fini6)
 *(.fini5)
 *(.fini4)
 *(.fini3)
 *(.fini2)
 *(.fini1)
 *(.fini0)
 *(.fini)
                0x0000f0b4                _etext = .

.data           0x00001100      0x402 load address 0x0000f0b4
                0x00001100                PROVIDE (__data_start, .)
                0x00001100                . = ALIGN (0x2)
 *(.data)
 .data          0x00001100        0x0 /home/dexter/programmering/isn/Build-an-indoor-sensor-network/tools/msp430/bin/../lib/gcc-lib/msp430/3.2.3/../../../../msp430/lib/crt430x1611.o
 .data          0x00001100       0x1e sky-shell.co
                0x0000110a                shell_sky_alldata_process
                0x00001100                sky_shell_process
 .data          0x0000111e        0x8 obj_sky/contiki-sky-main.o
                0x0000111e                sensors
 .data          0x00001126        0x0 contiki-sky.a(rimeaddr.o)
 .data          0x00001126        0xe contiki-sky.a(ctimer.o)
                0x0000112a                ctimer_process
 .data          0x00001134        0x4 contiki-sky.a(rime.o)
 .data          0x00001138        0x6 contiki-sky.a(timesynch.o)
 .data          0x0000113e        0x0 contiki-sky.a(rimestats.o)
 .data          0x0000113e        0x4 contiki-sky.a(announcement.o)
 .data          0x00001142       0x10 contiki-sky.a(neighbor.o)
 .data          0x00001152        0x0 contiki-sky.a(chameleon.o)
 .data          0x00001152        0x4 contiki-sky.a(channel.o)
 .data          0x00001156        0x0 contiki-sky.a(chameleon-bitop)
 .data          0x00001156       0x1a contiki-sky.a(xmac.o)
                0x00001156                xmac_config
 .data          0x00001170        0x0 contiki-sky.a(framer.o)
 .data          0x00001170        0x0 contiki-sky.a(framer-nullmac.)
 .data          0x00001170        0x4 contiki-sky.a(framer-802154.o)
 .data          0x00001174        0xc contiki-sky.a(csma.o)
 .data          0x00001180        0x4 contiki-sky.a(process.o)
                0x00001180                process_list
                0x00001182                process_current
 .data          0x00001184        0x0 contiki-sky.a(autostart.o)
 .data          0x00001184        0x0 contiki-sky.a(compower.o)
 .data          0x00001184        0xc contiki-sky.a(serial-line.o)
                0x00001184                serial_line_process
 .data          0x00001190        0x0 contiki-sky.a(memb.o)
 .data          0x00001190        0x0 contiki-sky.a(timer.o)
 .data          0x00001190        0x0 contiki-sky.a(list.o)
 .data          0x00001190        0xa contiki-sky.a(etimer.o)
                0x00001190                etimer_process
 .data          0x0000119a        0x0 contiki-sky.a(energest.o)
 .data          0x0000119a        0x0 contiki-sky.a(rtimer.o)
 .data          0x0000119a        0x0 contiki-sky.a(random.o)
 .data          0x0000119a        0x0 contiki-sky.a(ringbuf.o)
 .data          0x0000119a        0xa contiki-sky.a(serial-shell.o)
                0x0000119a                serial_shell_process
 .data          0x000011a4       0x72 contiki-sky.a(shell.o)
                0x000011bc                help_command_process
                0x000011da                shell_killall_process
                0x000011a8                shell_process
                0x00001202                shell_null_process
                0x000011b2                shell_server_process
                0x000011ee                shell_kill_process
 .data          0x00001216       0x14 contiki-sky.a(shell-reboot.o)
                0x00001216                shell_reboot_process
 .data          0x0000122a       0x14 contiki-sky.a(shell-ps.o)
                0x0000122a                shell_ps_process
 .data          0x0000123e       0x82 contiki-sky.a(shell-rime.o)
                0x0000125a                shell_nodes_process
                0x00001246                shell_mac_process
                0x00001282                shell_collect_process
                0x0000126e                shell_send_process
                0x000012aa                shell_packetize_process
                0x00001296                shell_routes_process
 .data          0x000012c0       0x16 contiki-sky.a(shell-blink.o)
                0x000012c0                shell_blink_process
 .data          0x000012d6       0x50 contiki-sky.a(shell-text.o)
                0x00001312                shell_size_process
                0x000012d6                shell_echo_process
                0x000012ea                shell_binprint_process
                0x000012fe                shell_hd_process
 .data          0x00001326       0x5a contiki-sky.a(shell-time.o)
                0x0000133a                shell_timestamp_process
                0x0000134e                shell_repeat_process
                0x0000136c                shell_randwait_process
                0x00001358                shell_repeat_server_process
                0x00001326                shell_time_process
 .data          0x00001380       0x16 contiki-sky.a(shell-rime-ping)
                0x00001382                shell_rime_ping_process
 .data          0x00001396       0x1a contiki-sky.a(shell-rime-snif)
                0x00001396                shell_sniff_process
 .data          0x000013b0       0x1e contiki-sky.a(shell-rime-netc)
                0x000013b0                shell_netcmd_process
                0x000013ba                shell_netcmd_server_process
 .data          0x000013ce       0x28 contiki-sky.a(shell-rime-debu)
                0x000013ce                shell_broadcast_process
                0x000013e2                shell_unicast_process
 .data          0x000013f6       0x3c contiki-sky.a(shell-power.o)
                0x0000141e                shell_powerconv_process
                0x0000140a                shell_energy_process
                0x000013f6                shell_power_process
 .data          0x00001432       0x14 contiki-sky.a(shell-base64.o)
                0x00001432                shell_dec64_process
 .data          0x00001446       0x64 contiki-sky.a(shell-sky.o)
                0x0000146e                shell_senseconv_process
                0x00001446                shell_nodeid_process
                0x00001482                shell_txpower_process
                0x0000145a                shell_sense_process
                0x00001496                shell_rfchannel_process
 .data          0x000014aa        0x2 contiki-sky.a(msp430.o)
 .data          0x000014ac        0x0 contiki-sky.a(leds.o)
 .data          0x000014ac        0x2 contiki-sky.a(watchdog.o)
 .data          0x000014ae        0x0 contiki-sky.a(ds2411.o)
 .data          0x000014ae        0x0 contiki-sky.a(xmem.o)
 .data          0x000014ae        0x0 contiki-sky.a(sht11.o)
 .data          0x000014ae        0x0 contiki-sky.a(light-sensor.o)
 .data          0x000014ae        0x0 contiki-sky.a(battery-sensor.)
 .data          0x000014ae        0xa contiki-sky.a(cc2420.o)
                0x000014ae                cc2420_process
 .data          0x000014b8        0x0 contiki-sky.a(cc2420-arch.o)
 .data          0x000014b8        0x1 contiki-sky.a(sht11-sensor.o)
 *fill*         0x000014b9        0x1 00
 .data          0x000014ba        0x2 contiki-sky.a(node-id.o)
                0x000014ba                node_id
 .data          0x000014bc        0xa contiki-sky.a(sensors.o)
                0x000014bc                sensors_process
 .data          0x000014c6        0x0 contiki-sky.a(button-sensor.o)
 .data          0x000014c6        0x0 contiki-sky.a(sky-sensors.o)
 .data          0x000014c6        0x0 contiki-sky.a(uart1.o)
 .data          0x000014c6        0x4 contiki-sky.a(clock.o)
 .data          0x000014ca        0x0 contiki-sky.a(leds-arch.o)
 .data          0x000014ca        0x0 contiki-sky.a(uart1-putchar.o)
 .data          0x000014ca        0x0 contiki-sky.a(rtimer-arch.o)
 .data          0x000014ca        0x2 contiki-sky.a(packetbuf.o)
 .data          0x000014cc       0x10 contiki-sky.a(queuebuf.o)
 .data          0x000014dc        0x0 contiki-sky.a(broadcast.o)
 .data          0x000014dc        0x0 contiki-sky.a(unicast.o)
 .data          0x000014dc        0x0 contiki-sky.a(abc.o)
 .data          0x000014dc        0x0 contiki-sky.a(netflood.o)
 .data          0x000014dc        0x0 contiki-sky.a(trickle.o)
 .data          0x000014dc        0x0 contiki-sky.a(mesh.o)
 .data          0x000014dc        0xe contiki-sky.a(route.o)
 .data          0x000014ea        0x0 contiki-sky.a(route-discovery)
 .data          0x000014ea       0x10 contiki-sky.a(collect.o)
 .data          0x000014fa        0x0 contiki-sky.a(frame802154.o)
 .data          0x000014fa        0x0 contiki-sky.a(crc16.o)
 .data          0x000014fa        0x2 contiki-sky.a(spi.o)
                0x000014fa                spi_busy
 .data          0x000014fc        0x0 contiki-sky.a(packetqueue.o)
 .data          0x000014fc        0x0 contiki-sky.a(runicast.o)
 .data          0x000014fc        0x0 contiki-sky.a(ipolite.o)
 .data          0x000014fc        0x0 contiki-sky.a(multihop.o)
 .data          0x000014fc        0x0 contiki-sky.a(stunicast.o)
 .data          0x000014fc        0x0 /home/dexter/programmering/isn/Build-an-indoor-sensor-network/tools/msp430/bin/../lib/gcc-lib/msp430/3.2.3/msp2/libgcc.a(__stop_progExec__.o)
 .data          0x000014fc        0x0 /home/dexter/programmering/isn/Build-an-indoor-sensor-network/tools/msp430/bin/../lib/gcc-lib/msp430/3.2.3/msp2/libgcc.a(_mulsi3hw.o)
 .data          0x000014fc        0x0 /home/dexter/programmering/isn/Build-an-indoor-sensor-network/tools/msp430/bin/../lib/gcc-lib/msp430/3.2.3/msp2/libgcc.a(_udivmodhi4.o)
 .data          0x000014fc        0x0 /home/dexter/programmering/isn/Build-an-indoor-sensor-network/tools/msp430/bin/../lib/gcc-lib/msp430/3.2.3/msp2/libgcc.a(_divmodhi4.o)
 .data          0x000014fc        0x0 /home/dexter/programmering/isn/Build-an-indoor-sensor-network/tools/msp430/bin/../lib/gcc-lib/msp430/3.2.3/msp2/libgcc.a(_udivmodsi4.o)
 .data          0x000014fc        0x0 /home/dexter/programmering/isn/Build-an-indoor-sensor-network/tools/msp430/bin/../lib/gcc-lib/msp430/3.2.3/msp2/libgcc.a(_divmodsi4.o)
 .data          0x000014fc        0x0 /home/dexter/programmering/isn/Build-an-indoor-sensor-network/tools/msp430/bin/../lib/gcc-lib/msp430/3.2.3/msp2/libgcc.a(_reset_vector__.o)
 .data          0x000014fc        0x0 /home/dexter/programmering/isn/Build-an-indoor-sensor-network/tools/msp430/bin/../lib/gcc-lib/msp430/3.2.3/../../../../msp430/lib/msp2/libc.a(sprintf.o)
 .data          0x000014fc        0x0 /home/dexter/programmering/isn/Build-an-indoor-sensor-network/tools/msp430/bin/../lib/gcc-lib/msp430/3.2.3/../../../../msp430/lib/msp2/libc.a(snprintf.o)
 .data          0x000014fc        0x0 /home/dexter/programmering/isn/Build-an-indoor-sensor-network/tools/msp430/bin/../lib/gcc-lib/msp430/3.2.3/../../../../msp430/lib/msp2/libc.a(vsprintf.o)
 .data          0x000014fc        0x0 /home/dexter/programmering/isn/Build-an-indoor-sensor-network/tools/msp430/bin/../lib/gcc-lib/msp430/3.2.3/../../../../msp430/lib/msp2/libc.a(vsnprintf.o)
 .data          0x000014fc        0x0 /home/dexter/programmering/isn/Build-an-indoor-sensor-network/tools/msp430/bin/../lib/gcc-lib/msp430/3.2.3/../../../../msp430/lib/msp2/libc.a(printf.o)
 .data          0x000014fc        0x2 /home/dexter/programmering/isn/Build-an-indoor-sensor-network/tools/msp430/bin/../lib/gcc-lib/msp430/3.2.3/../../../../msp430/lib/msp2/libc.a(vuprintf.o)
 .data          0x000014fe        0x0 /home/dexter/programmering/isn/Build-an-indoor-sensor-network/tools/msp430/bin/../lib/gcc-lib/msp430/3.2.3/../../../../msp430/lib/msp2/libc.a(puts.o)
 .data          0x000014fe        0x4 /home/dexter/programmering/isn/Build-an-indoor-sensor-network/tools/msp430/bin/../lib/gcc-lib/msp430/3.2.3/../../../../msp430/lib/msp2/libc.a(rand.o)
 .data          0x00001502        0x0 /home/dexter/programmering/isn/Build-an-indoor-sensor-network/tools/msp430/bin/../lib/gcc-lib/msp430/3.2.3/../../../../msp430/lib/msp2/libc.a(strchr.o)
 .data          0x00001502        0x0 /home/dexter/programmering/isn/Build-an-indoor-sensor-network/tools/msp430/bin/../lib/gcc-lib/msp430/3.2.3/../../../../msp430/lib/msp2/libc.a(memchr.o)
 .data          0x00001502        0x0 /home/dexter/programmering/isn/Build-an-indoor-sensor-network/tools/msp430/bin/../lib/gcc-lib/msp430/3.2.3/../../../../msp430/lib/msp2/libc.a(strcmp.o)
 .data          0x00001502        0x0 /home/dexter/programmering/isn/Build-an-indoor-sensor-network/tools/msp430/bin/../lib/gcc-lib/msp430/3.2.3/../../../../msp430/lib/msp2/libc.a(strncmp.o)
 .data          0x00001502        0x0 /home/dexter/programmering/isn/Build-an-indoor-sensor-network/tools/msp430/bin/../lib/gcc-lib/msp430/3.2.3/../../../../msp430/lib/msp2/libc.a(memcmp.o)
 .data          0x00001502        0x0 /home/dexter/programmering/isn/Build-an-indoor-sensor-network/tools/msp430/bin/../lib/gcc-lib/msp430/3.2.3/../../../../msp430/lib/msp2/libc.a(strcpy.o)
 .data          0x00001502        0x0 /home/dexter/programmering/isn/Build-an-indoor-sensor-network/tools/msp430/bin/../lib/gcc-lib/msp430/3.2.3/../../../../msp430/lib/msp2/libc.a(strncpy.o)
 .data          0x00001502        0x0 /home/dexter/programmering/isn/Build-an-indoor-sensor-network/tools/msp430/bin/../lib/gcc-lib/msp430/3.2.3/../../../../msp430/lib/msp2/libc.a(memcpy.o)
 .data          0x00001502        0x0 /home/dexter/programmering/isn/Build-an-indoor-sensor-network/tools/msp430/bin/../lib/gcc-lib/msp430/3.2.3/../../../../msp430/lib/msp2/libc.a(memset.o)
                0x00001502                . = ALIGN (0x2)
 *(.gnu.linkonce.d*)
                0x00001502                . = ALIGN (0x2)
                0x00001502                _edata = .

.bootloader     0x00000c00        0x0
                0x00000c00                PROVIDE (__boot_start, .)
 *(.bootloader)
                0x00000c00                . = ALIGN (0x2)
 *(.bootloader.*)

.infomem        0x00001000        0x0
 *(.infomem)
                0x00001000                . = ALIGN (0x2)
 *(.infomem.*)

.infomemnobits  0x00001000        0x0
 *(.infomemnobits)
                0x00001000                . = ALIGN (0x2)
 *(.infomemnobits.*)

.bss            0x00001502     0x182e
                0x00001502                PROVIDE (__bss_start, .)
 *(.bss)
 .bss           0x00001502        0x0 /home/dexter/programmering/isn/Build-an-indoor-sensor-network/tools/msp430/bin/../lib/gcc-lib/msp430/3.2.3/../../../../msp430/lib/crt430x1611.o
 .bss           0x00001502       0x92 sky-shell.co
 .bss           0x00001594        0x4 obj_sky/contiki-sky-main.o
 .bss           0x00001598        0x0 contiki-sky.a(rimeaddr.o)
 .bss           0x00001598        0x1 contiki-sky.a(ctimer.o)
 .bss           0x00001599        0x0 contiki-sky.a(rime.o)
 *fill*         0x00001599        0x1 00
 .bss           0x0000159a        0x4 contiki-sky.a(timesynch.o)
 .bss           0x0000159e        0x0 contiki-sky.a(rimestats.o)
 .bss           0x0000159e        0x4 contiki-sky.a(announcement.o)
 .bss           0x000015a2       0xa8 contiki-sky.a(neighbor.o)
 .bss           0x0000164a        0x2 contiki-sky.a(chameleon.o)
 .bss           0x0000164c        0x0 contiki-sky.a(channel.o)
 .bss           0x0000164c        0x0 contiki-sky.a(chameleon-bitop)
 .bss           0x0000164c       0x5c contiki-sky.a(xmac.o)
 .bss           0x000016a8        0x0 contiki-sky.a(framer.o)
 .bss           0x000016a8        0x0 contiki-sky.a(framer-nullmac.)
 .bss           0x000016a8        0x1 contiki-sky.a(framer-802154.o)
 *fill*         0x000016a9        0x1 00
 .bss           0x000016aa       0x70 contiki-sky.a(csma.o)
 .bss           0x0000171a       0x3e contiki-sky.a(process.o)
 .bss           0x00001758        0x0 contiki-sky.a(autostart.o)
 .bss           0x00001758        0x8 contiki-sky.a(compower.o)
 .bss           0x00001760      0x108 contiki-sky.a(serial-line.o)
 .bss           0x00001868        0x0 contiki-sky.a(memb.o)
 .bss           0x00001868        0x0 contiki-sky.a(timer.o)
 .bss           0x00001868        0x0 contiki-sky.a(list.o)
 .bss           0x00001868        0x4 contiki-sky.a(etimer.o)
 .bss           0x0000186c        0x0 contiki-sky.a(energest.o)
 .bss           0x0000186c        0x2 contiki-sky.a(rtimer.o)
 .bss           0x0000186e        0x0 contiki-sky.a(random.o)
 .bss           0x0000186e        0x0 contiki-sky.a(ringbuf.o)
 .bss           0x0000186e        0x0 contiki-sky.a(serial-shell.o)
 .bss           0x0000186e       0x10 contiki-sky.a(shell.o)
 .bss           0x0000187e        0x8 contiki-sky.a(shell-reboot.o)
 .bss           0x00001886        0x0 contiki-sky.a(shell-ps.o)
 .bss           0x00001886       0x92 contiki-sky.a(shell-rime.o)
 .bss           0x00001918        0xc contiki-sky.a(shell-blink.o)
 .bss           0x00001924        0x4 contiki-sky.a(shell-text.o)
 .bss           0x00001928       0xa0 contiki-sky.a(shell-time.o)
 .bss           0x000019c8       0x7c contiki-sky.a(shell-rime-ping)
 .bss           0x00001a44        0x1 contiki-sky.a(shell-rime-snif)
 *fill*         0x00001a45        0x1 00
 .bss           0x00001a46       0x4a contiki-sky.a(shell-rime-netc)
 .bss           0x00001a90       0x1c contiki-sky.a(shell-rime-debu)
 .bss           0x00001aac       0x18 contiki-sky.a(shell-power.o)
 .bss           0x00001ac4        0x0 contiki-sky.a(shell-base64.o)
 .bss           0x00001ac4       0x82 contiki-sky.a(shell-sky.o)
 .bss           0x00001b46        0x0 contiki-sky.a(msp430.o)
 .bss           0x00001b46        0x2 contiki-sky.a(leds.o)
 .bss           0x00001b48        0x0 contiki-sky.a(watchdog.o)
 .bss           0x00001b48        0x0 contiki-sky.a(ds2411.o)
 .bss           0x00001b48        0x0 contiki-sky.a(xmem.o)
 .bss           0x00001b48        0x0 contiki-sky.a(sht11.o)
 .bss           0x00001b48        0x0 contiki-sky.a(light-sensor.o)
 .bss           0x00001b48        0x1 contiki-sky.a(battery-sensor.)
 *fill*         0x00001b49        0x1 00
 .bss           0x00001b4a       0x1c contiki-sky.a(cc2420.o)
 .bss           0x00001b66        0x0 contiki-sky.a(cc2420-arch.o)
 .bss           0x00001b66        0x0 contiki-sky.a(sht11-sensor.o)
 .bss           0x00001b66        0x0 contiki-sky.a(node-id.o)
 .bss           0x00001b66        0x6 contiki-sky.a(sensors.o)
 .bss           0x00001b6c        0x4 contiki-sky.a(button-sensor.o)
 .bss           0x00001b70        0x1 contiki-sky.a(sky-sensors.o)
 *fill*         0x00001b71        0x1 00
 .bss           0x00001b72       0x4a contiki-sky.a(uart1.o)
 .bss           0x00001bbc        0x4 contiki-sky.a(clock.o)
 .bss           0x00001bc0        0x0 contiki-sky.a(leds-arch.o)
 .bss           0x00001bc0        0x0 contiki-sky.a(uart1-putchar.o)
 .bss           0x00001bc0        0x0 contiki-sky.a(rtimer-arch.o)
 .bss           0x00001bc0       0xba contiki-sky.a(packetbuf.o)
 .bss           0x00001c7a      0xe9e contiki-sky.a(queuebuf.o)
 .bss           0x00002b18        0x0 contiki-sky.a(broadcast.o)
 .bss           0x00002b18        0x0 contiki-sky.a(unicast.o)
 .bss           0x00002b18        0x0 contiki-sky.a(abc.o)
 .bss           0x00002b18        0x0 contiki-sky.a(netflood.o)
 .bss           0x00002b18        0x0 contiki-sky.a(trickle.o)
 .bss           0x00002b18        0x0 contiki-sky.a(mesh.o)
 .bss           0x00002b18       0x78 contiki-sky.a(route.o)
 .bss           0x00002b90        0x1 contiki-sky.a(route-discovery)
 *fill*         0x00002b91        0x1 00
 .bss           0x00002b92       0x9e contiki-sky.a(collect.o)
 .bss           0x00002c30        0x0 contiki-sky.a(frame802154.o)
 .bss           0x00002c30        0x0 contiki-sky.a(crc16.o)
 .bss           0x00002c30        0x0 contiki-sky.a(spi.o)
 .bss           0x00002c30        0x0 contiki-sky.a(packetqueue.o)
 .bss           0x00002c30        0x0 contiki-sky.a(runicast.o)
 .bss           0x00002c30        0x0 contiki-sky.a(ipolite.o)
 .bss           0x00002c30        0x0 contiki-sky.a(multihop.o)
 .bss           0x00002c30        0x0 contiki-sky.a(stunicast.o)
 .bss           0x00002c30        0x0 /home/dexter/programmering/isn/Build-an-indoor-sensor-network/tools/msp430/bin/../lib/gcc-lib/msp430/3.2.3/msp2/libgcc.a(__stop_progExec__.o)
 .bss           0x00002c30        0x0 /home/dexter/programmering/isn/Build-an-indoor-sensor-network/tools/msp430/bin/../lib/gcc-lib/msp430/3.2.3/msp2/libgcc.a(_mulsi3hw.o)
 .bss           0x00002c30        0x0 /home/dexter/programmering/isn/Build-an-indoor-sensor-network/tools/msp430/bin/../lib/gcc-lib/msp430/3.2.3/msp2/libgcc.a(_udivmodhi4.o)
 .bss           0x00002c30        0x0 /home/dexter/programmering/isn/Build-an-indoor-sensor-network/tools/msp430/bin/../lib/gcc-lib/msp430/3.2.3/msp2/libgcc.a(_divmodhi4.o)
 .bss           0x00002c30        0x0 /home/dexter/programmering/isn/Build-an-indoor-sensor-network/tools/msp430/bin/../lib/gcc-lib/msp430/3.2.3/msp2/libgcc.a(_udivmodsi4.o)
 .bss           0x00002c30        0x0 /home/dexter/programmering/isn/Build-an-indoor-sensor-network/tools/msp430/bin/../lib/gcc-lib/msp430/3.2.3/msp2/libgcc.a(_divmodsi4.o)
 .bss           0x00002c30        0x0 /home/dexter/programmering/isn/Build-an-indoor-sensor-network/tools/msp430/bin/../lib/gcc-lib/msp430/3.2.3/msp2/libgcc.a(_reset_vector__.o)
 .bss           0x00002c30        0x0 /home/dexter/programmering/isn/Build-an-indoor-sensor-network/tools/msp430/bin/../lib/gcc-lib/msp430/3.2.3/../../../../msp430/lib/msp2/libc.a(sprintf.o)
 .bss           0x00002c30        0x0 /home/dexter/programmering/isn/Build-an-indoor-sensor-network/tools/msp430/bin/../lib/gcc-lib/msp430/3.2.3/../../../../msp430/lib/msp2/libc.a(snprintf.o)
 .bss           0x00002c30        0x2 /home/dexter/programmering/isn/Build-an-indoor-sensor-network/tools/msp430/bin/../lib/gcc-lib/msp430/3.2.3/../../../../msp430/lib/msp2/libc.a(vsprintf.o)
 .bss           0x00002c32        0x4 /home/dexter/programmering/isn/Build-an-indoor-sensor-network/tools/msp430/bin/../lib/gcc-lib/msp430/3.2.3/../../../../msp430/lib/msp2/libc.a(vsnprintf.o)
 .bss           0x00002c36        0x0 /home/dexter/programmering/isn/Build-an-indoor-sensor-network/tools/msp430/bin/../lib/gcc-lib/msp430/3.2.3/../../../../msp430/lib/msp2/libc.a(printf.o)
 .bss           0x00002c36        0x2 /home/dexter/programmering/isn/Build-an-indoor-sensor-network/tools/msp430/bin/../lib/gcc-lib/msp430/3.2.3/../../../../msp430/lib/msp2/libc.a(vuprintf.o)
 .bss           0x00002c38        0x0 /home/dexter/programmering/isn/Build-an-indoor-sensor-network/tools/msp430/bin/../lib/gcc-lib/msp430/3.2.3/../../../../msp430/lib/msp2/libc.a(puts.o)
 .bss           0x00002c38        0x0 /home/dexter/programmering/isn/Build-an-indoor-sensor-network/tools/msp430/bin/../lib/gcc-lib/msp430/3.2.3/../../../../msp430/lib/msp2/libc.a(rand.o)
 .bss           0x00002c38        0x0 /home/dexter/programmering/isn/Build-an-indoor-sensor-network/tools/msp430/bin/../lib/gcc-lib/msp430/3.2.3/../../../../msp430/lib/msp2/libc.a(strchr.o)
 .bss           0x00002c38        0x0 /home/dexter/programmering/isn/Build-an-indoor-sensor-network/tools/msp430/bin/../lib/gcc-lib/msp430/3.2.3/../../../../msp430/lib/msp2/libc.a(memchr.o)
 .bss           0x00002c38        0x0 /home/dexter/programmering/isn/Build-an-indoor-sensor-network/tools/msp430/bin/../lib/gcc-lib/msp430/3.2.3/../../../../msp430/lib/msp2/libc.a(strcmp.o)
 .bss           0x00002c38        0x0 /home/dexter/programmering/isn/Build-an-indoor-sensor-network/tools/msp430/bin/../lib/gcc-lib/msp430/3.2.3/../../../../msp430/lib/msp2/libc.a(strncmp.o)
 .bss           0x00002c38        0x0 /home/dexter/programmering/isn/Build-an-indoor-sensor-network/tools/msp430/bin/../lib/gcc-lib/msp430/3.2.3/../../../../msp430/lib/msp2/libc.a(memcmp.o)
 .bss           0x00002c38        0x0 /home/dexter/programmering/isn/Build-an-indoor-sensor-network/tools/msp430/bin/../lib/gcc-lib/msp430/3.2.3/../../../../msp430/lib/msp2/libc.a(strcpy.o)
 .bss           0x00002c38        0x0 /home/dexter/programmering/isn/Build-an-indoor-sensor-network/tools/msp430/bin/../lib/gcc-lib/msp430/3.2.3/../../../../msp430/lib/msp2/libc.a(strncpy.o)
 .bss           0x00002c38        0x0 /home/dexter/programmering/isn/Build-an-indoor-sensor-network/tools/msp430/bin/../lib/gcc-lib/msp430/3.2.3/../../../../msp430/lib/msp2/libc.a(memcpy.o)
 .bss           0x00002c38        0x0 /home/dexter/programmering/isn/Build-an-indoor-sensor-network/tools/msp430/bin/../lib/gcc-lib/msp430/3.2.3/../../../../msp430/lib/msp2/libc.a(memset.o)
 *(COMMON)
 COMMON         0x00002c38        0x2 obj_sky/contiki-sky-main.o
                0x00002c38                sensors_flags
 COMMON         0x00002c3a        0x2 contiki-sky.a(rimeaddr.o)
                0x00002c3a                rimeaddr_node_addr
 COMMON         0x00002c3c        0x2 contiki-sky.a(rime.o)
                0x00002c3c                rime_mac
 COMMON         0x00002c3e       0x48 contiki-sky.a(rimestats.o)
                0x00002c3e                rimestats
 COMMON         0x00002c86        0x2 contiki-sky.a(framer.o)
                0x00002c86                framer_current
 COMMON         0x00002c88        0x1 contiki-sky.a(process.o)
                0x00002c88                process_maxevents
 *fill*         0x00002c89        0x1 00
 COMMON         0x00002c8a        0x8 contiki-sky.a(compower.o)
                0x00002c8a                compower_idle_activity
 COMMON         0x00002c92        0x1 contiki-sky.a(serial-line.o)
                0x00002c92                serial_line_event_message
 *fill*         0x00002c93        0x1 00
 COMMON         0x00002c94       0x56 contiki-sky.a(energest.o)
                0x00002c94                energest_total_time
                0x00002cc4                energest_total_count
                0x00002cc6                energest_current_mode
                0x00002cd2                energest_current_time
 COMMON         0x00002cea        0x2 contiki-sky.a(shell.o)
                0x00002cea                shell_event_input
 COMMON         0x00002cec        0x8 contiki-sky.a(ds2411.o)
                0x00002cec                ds2411_id
 COMMON         0x00002cf4        0xa contiki-sky.a(cc2420.o)
                0x00002cf4                cc2420_last_rssi
                0x00002cf6                cc2420_time_of_departure
                0x00002cf8                cc2420_time_of_arrival
                0x00002cfa                cc2420_last_correlation
                0x00002cfc                cc2420_authority_level_of_sender
 COMMON         0x00002cfe        0x1 contiki-sky.a(sensors.o)
                0x00002cfe                sensors_event
 *fill*         0x00002cff        0x1 00
 COMMON         0x00002d00       0x30 contiki-sky.a(packetbuf.o)
                0x00002d00                packetbuf_addrs
                0x00002d08                packetbuf_attrs
                0x00002d30                PROVIDE (__bss_end, .)
                0x00002d30                _end = .

.noinit         0x00002d30        0x0
                0x00002d30                PROVIDE (__noinit_start, .)
 *(.noinit)
 *(COMMON)
                0x00002d30                PROVIDE (__noinit_end, .)
                0x00002d30                _end = .

.vectors        0x0000ffe0       0x20
                0x0000ffe0                PROVIDE (__vectors_start, .)
 *(.vectors*)
 .vectors       0x0000ffe0       0x20 /home/dexter/programmering/isn/Build-an-indoor-sensor-network/tools/msp430/bin/../lib/gcc-lib/msp430/3.2.3/../../../../msp430/lib/crt430x1611.o
                0x0000ffe0                InterruptVectors
                0x00010000                _vectors_end = .

.profiler
 *(.profiler)

.stab           0x00000000    0x57dc8
 *(.stab)
 .stab          0x00000000       0xf0 /home/dexter/programmering/isn/Build-an-indoor-sensor-network/tools/msp430/bin/../lib/gcc-lib/msp430/3.2.3/../../../../msp430/lib/crt430x1611.o
 .stab          0x000000f0     0x2490 sky-shell.co
                               0x249c (size before relaxing)
 .stab          0x00002580     0x1cec obj_sky/contiki-sky-main.o
                               0x22ec (size before relaxing)
 .stab          0x0000426c      0x324 contiki-sky.a(rimeaddr.o)
                                0x6cc (size before relaxing)
 .stab          0x00004590     0x1494 contiki-sky.a(ctimer.o)
                               0x1f38 (size before relaxing)
 .stab          0x00005a24     0x11ac contiki-sky.a(rime.o)
                               0x1bc0 (size before relaxing)
 .stab          0x00006bd0     0x1218 contiki-sky.a(timesynch.o)
                               0x1c20 (size before relaxing)
 .stab          0x00007de8      0x144 contiki-sky.a(rimestats.o)
                                0x168 (size before relaxing)
 .stab          0x00007f2c      0x5dc contiki-sky.a(announcement.o)
                                0x9cc (size before relaxing)
 .stab          0x00008508     0x17f4 contiki-sky.a(neighbor.o)
                               0x20c4 (size before relaxing)
 .stab          0x00009cfc     0x13a4 contiki-sky.a(chameleon.o)
                               0x1db8 (size before relaxing)
 .stab          0x0000b0a0     0x10bc contiki-sky.a(channel.o)
                               0x1b18 (size before relaxing)
 .stab          0x0000c15c     0x1a10 contiki-sky.a(chameleon-bitop)
                               0x2454 (size before relaxing)
 .stab          0x0000db6c     0x252c contiki-sky.a(xmac.o)
                               0x2fe8 (size before relaxing)
 .stab          0x00010098      0xdf8 contiki-sky.a(framer.o)
                               0x1494 (size before relaxing)
 .stab          0x00010e90      0x3a8 contiki-sky.a(framer-nullmac.)
                                0x7d4 (size before relaxing)
 .stab          0x00011238      0x678 contiki-sky.a(framer-802154.o)
                                0xaa4 (size before relaxing)
 .stab          0x000118b0      0x774 contiki-sky.a(csma.o)
                                0xcf0 (size before relaxing)
 .stab          0x00012024      0xb10 contiki-sky.a(process.o)
                                0xf78 (size before relaxing)
 .stab          0x00012b34      0x2dc contiki-sky.a(autostart.o)
                                0x714 (size before relaxing)
 .stab          0x00012e10      0xfb4 contiki-sky.a(compower.o)
                               0x15a8 (size before relaxing)
 .stab          0x00013dc4     0x1050 contiki-sky.a(serial-line.o)
                               0x16ec (size before relaxing)
 .stab          0x00014e14      0xfa8 contiki-sky.a(memb.o)
                               0x1650 (size before relaxing)
 .stab          0x00015dbc      0x324 contiki-sky.a(timer.o)
                                0x6f0 (size before relaxing)
 .stab          0x000160e0      0x768 contiki-sky.a(list.o)
                                0x78c (size before relaxing)
 .stab          0x00016848      0x984 contiki-sky.a(etimer.o)
                                0xdec (size before relaxing)
 .stab          0x000171cc      0xf24 contiki-sky.a(energest.o)
                               0x14b8 (size before relaxing)
 .stab          0x000180f0      0xef4 contiki-sky.a(rtimer.o)
                               0x1584 (size before relaxing)
 .stab          0x00018fe4      0x24c contiki-sky.a(random.o)
                                0x618 (size before relaxing)
 .stab          0x00019230      0x3cc contiki-sky.a(ringbuf.o)
                                0x78c (size before relaxing)
 .stab          0x000195fc     0x12d8 contiki-sky.a(serial-shell.o)
                               0x1fc8 (size before relaxing)
 .stab          0x0001a8d4     0x24b4 contiki-sky.a(shell.o)
                               0x31d4 (size before relaxing)
 .stab          0x0001cd88     0x10d4 contiki-sky.a(shell-reboot.o)
                               0x19bc (size before relaxing)
 .stab          0x0001de5c     0x105c contiki-sky.a(shell-ps.o)
                               0x1938 (size before relaxing)
 .stab          0x0001eeb8     0x1d7c contiki-sky.a(shell-rime.o)
                               0x2a84 (size before relaxing)
 .stab          0x00020c34     0x1200 contiki-sky.a(shell-blink.o)
                               0x1adc (size before relaxing)
 .stab          0x00021e34     0x156c contiki-sky.a(shell-text.o)
                               0x1e48 (size before relaxing)
 .stab          0x000233a0     0x186c contiki-sky.a(shell-time.o)
                               0x21a8 (size before relaxing)
 .stab          0x00024c0c     0x14ac contiki-sky.a(shell-rime-ping)
                               0x2130 (size before relaxing)
 .stab          0x000260b8     0x1548 contiki-sky.a(shell-rime-snif)
                               0x2190 (size before relaxing)
 .stab          0x00027600     0x14a0 contiki-sky.a(shell-rime-netc)
                               0x21b4 (size before relaxing)
 .stab          0x00028aa0     0x1620 contiki-sky.a(shell-rime-debu)
                               0x2328 (size before relaxing)
 .stab          0x0002a0c0     0x13f8 contiki-sky.a(shell-power.o)
                               0x1c68 (size before relaxing)
 .stab          0x0002b4b8     0x1350 contiki-sky.a(shell-base64.o)
                               0x1c2c (size before relaxing)
 .stab          0x0002c808     0x1980 contiki-sky.a(shell-sky.o)
                               0x26dc (size before relaxing)
 .stab          0x0002e188     0x1464 contiki-sky.a(msp430.o)
                               0x1b18 (size before relaxing)
 .stab          0x0002f5ec     0x1104 contiki-sky.a(leds.o)
                               0x16b0 (size before relaxing)
 .stab          0x000306f0      0xd98 contiki-sky.a(watchdog.o)
                                0xfa8 (size before relaxing)
 .stab          0x00031488     0x1254 contiki-sky.a(ds2411.o)
                               0x18fc (size before relaxing)
 .stab          0x000326dc     0x156c contiki-sky.a(xmem.o)
                               0x1c5c (size before relaxing)
 .stab          0x00033c48     0x159c contiki-sky.a(sht11.o)
                               0x198c (size before relaxing)
 .stab          0x000351e4      0xf18 contiki-sky.a(light-sensor.o)
                               0x15b4 (size before relaxing)
 .stab          0x000360fc      0xf3c contiki-sky.a(battery-sensor.)
                               0x15fc (size before relaxing)
 .stab          0x00037038     0x21b4 contiki-sky.a(cc2420.o)
                               0x29a0 (size before relaxing)
 .stab          0x000391ec     0x117c contiki-sky.a(cc2420-arch.o)
                               0x1df4 (size before relaxing)
 .stab          0x0003a368      0xf90 contiki-sky.a(sht11-sensor.o)
                               0x165c (size before relaxing)
 .stab          0x0003b2f8      0x2dc contiki-sky.a(node-id.o)
                                0x69c (size before relaxing)
 .stab          0x0003b5d4     0x10ec contiki-sky.a(sensors.o)
                               0x1794 (size before relaxing)
 .stab          0x0003c6c0      0xfa8 contiki-sky.a(button-sensor.o)
                               0x1668 (size before relaxing)
 .stab          0x0003d668      0xf00 contiki-sky.a(sky-sensors.o)
                               0x15c0 (size before relaxing)
 .stab          0x0003e568     0x10ec contiki-sky.a(uart1.o)
                               0x16e0 (size before relaxing)
 .stab          0x0003f654     0x1158 contiki-sky.a(clock.o)
                               0x17b8 (size before relaxing)
 .stab          0x000407ac      0xd44 contiki-sky.a(leds-arch.o)
                               0x126c (size before relaxing)
 .stab          0x000414f0      0x210 contiki-sky.a(uart1-putchar.o)
                                0x60c (size before relaxing)
 .stab          0x00041700      0xdd4 contiki-sky.a(rtimer-arch.o)
                               0x13f8 (size before relaxing)
 .stab          0x000424d4     0x1758 contiki-sky.a(packetbuf.o)
                               0x2490 (size before relaxing)
 .stab          0x00043c2c     0x132c contiki-sky.a(queuebuf.o)
                               0x2040 (size before relaxing)
 .stab          0x00044f58     0x11ac contiki-sky.a(broadcast.o)
                               0x1ee4 (size before relaxing)
 .stab          0x00046104     0x1080 contiki-sky.a(unicast.o)
                               0x1ac4 (size before relaxing)
 .stab          0x00047184     0x1104 contiki-sky.a(abc.o)
                               0x1e3c (size before relaxing)
 .stab          0x00048288      0x708 contiki-sky.a(netflood.o)
                                0xcb4 (size before relaxing)
 .stab          0x00048990      0x828 contiki-sky.a(trickle.o)
                                0xdbc (size before relaxing)
 .stab          0x000491b8     0x13e0 contiki-sky.a(mesh.o)
                               0x1e90 (size before relaxing)
 .stab          0x0004a598      0x924 contiki-sky.a(route.o)
                                0xdec (size before relaxing)
 .stab          0x0004aebc     0x15e4 contiki-sky.a(route-discovery)
                               0x20d0 (size before relaxing)
 .stab          0x0004c4a0     0x1aa0 contiki-sky.a(collect.o)
                               0x25d4 (size before relaxing)
 .stab          0x0004df40      0x7bc contiki-sky.a(frame802154.o)
                                0xbc4 (size before relaxing)
 .stab          0x0004e6fc      0x258 contiki-sky.a(crc16.o)
                                0x264 (size before relaxing)
 .stab          0x0004e954      0xd44 contiki-sky.a(spi.o)
                               0x1260 (size before relaxing)
 .stab          0x0004f698      0x624 contiki-sky.a(packetqueue.o)
                                0xb40 (size before relaxing)
 .stab          0x0004fcbc     0x14b8 contiki-sky.a(runicast.o)
                               0x1efc (size before relaxing)
 .stab          0x00051174     0x1254 contiki-sky.a(ipolite.o)
                               0x1ca4 (size before relaxing)
 .stab          0x000523c8     0x12fc contiki-sky.a(multihop.o)
                               0x1da0 (size before relaxing)
 .stab          0x000536c4     0x1254 contiki-sky.a(stunicast.o)
                               0x1c98 (size before relaxing)
 .stab          0x00054918      0x480 /home/dexter/programmering/isn/Build-an-indoor-sensor-network/tools/msp430/bin/../lib/gcc-lib/msp430/3.2.3/../../../../msp430/lib/msp2/libc.a(sprintf.o)
                                0x48c (size before relaxing)
 .stab          0x00054d98      0x234 /home/dexter/programmering/isn/Build-an-indoor-sensor-network/tools/msp430/bin/../lib/gcc-lib/msp430/3.2.3/../../../../msp430/lib/msp2/libc.a(snprintf.o)
                                0x4a4 (size before relaxing)
 .stab          0x00054fcc      0x27c /home/dexter/programmering/isn/Build-an-indoor-sensor-network/tools/msp430/bin/../lib/gcc-lib/msp430/3.2.3/../../../../msp430/lib/msp2/libc.a(vsprintf.o)
                                0x4ec (size before relaxing)
 .stab          0x00055248      0x2d0 /home/dexter/programmering/isn/Build-an-indoor-sensor-network/tools/msp430/bin/../lib/gcc-lib/msp430/3.2.3/../../../../msp430/lib/msp2/libc.a(vsnprintf.o)
                                0x540 (size before relaxing)
 .stab          0x00055518      0x1f8 /home/dexter/programmering/isn/Build-an-indoor-sensor-network/tools/msp430/bin/../lib/gcc-lib/msp430/3.2.3/../../../../msp430/lib/msp2/libc.a(printf.o)
                                0x468 (size before relaxing)
 .stab          0x00055710      0xc60 /home/dexter/programmering/isn/Build-an-indoor-sensor-network/tools/msp430/bin/../lib/gcc-lib/msp430/3.2.3/../../../../msp430/lib/msp2/libc.a(vuprintf.o)
                                0xec4 (size before relaxing)
 .stab          0x00056370      0x210 /home/dexter/programmering/isn/Build-an-indoor-sensor-network/tools/msp430/bin/../lib/gcc-lib/msp430/3.2.3/../../../../msp430/lib/msp2/libc.a(puts.o)
                                0x480 (size before relaxing)
 .stab          0x00056580      0x2e8 /home/dexter/programmering/isn/Build-an-indoor-sensor-network/tools/msp430/bin/../lib/gcc-lib/msp430/3.2.3/../../../../msp430/lib/msp2/libc.a(rand.o)
                                0x528 (size before relaxing)
 .stab          0x00056868      0x234 /home/dexter/programmering/isn/Build-an-indoor-sensor-network/tools/msp430/bin/../lib/gcc-lib/msp430/3.2.3/../../../../msp430/lib/msp2/libc.a(strchr.o)
                                0x480 (size before relaxing)
 .stab          0x00056a9c      0x24c /home/dexter/programmering/isn/Build-an-indoor-sensor-network/tools/msp430/bin/../lib/gcc-lib/msp430/3.2.3/../../../../msp430/lib/msp2/libc.a(memchr.o)
                                0x498 (size before relaxing)
 .stab          0x00056ce8      0x1e0 /home/dexter/programmering/isn/Build-an-indoor-sensor-network/tools/msp430/bin/../lib/gcc-lib/msp430/3.2.3/../../../../msp430/lib/msp2/libc.a(strcmp.o)
                                0x42c (size before relaxing)
 .stab          0x00056ec8      0x210 /home/dexter/programmering/isn/Build-an-indoor-sensor-network/tools/msp430/bin/../lib/gcc-lib/msp430/3.2.3/../../../../msp430/lib/msp2/libc.a(strncmp.o)
                                0x45c (size before relaxing)
 .stab          0x000570d8      0x264 /home/dexter/programmering/isn/Build-an-indoor-sensor-network/tools/msp430/bin/../lib/gcc-lib/msp430/3.2.3/../../../../msp430/lib/msp2/libc.a(memcmp.o)
                                0x4b0 (size before relaxing)
 .stab          0x0005733c      0x1ec /home/dexter/programmering/isn/Build-an-indoor-sensor-network/tools/msp430/bin/../lib/gcc-lib/msp430/3.2.3/../../../../msp430/lib/msp2/libc.a(strcpy.o)
                                0x438 (size before relaxing)
 .stab          0x00057528      0x234 /home/dexter/programmering/isn/Build-an-indoor-sensor-network/tools/msp430/bin/../lib/gcc-lib/msp430/3.2.3/../../../../msp430/lib/msp2/libc.a(strncpy.o)
                                0x480 (size before relaxing)
 .stab          0x0005775c      0x360 /home/dexter/programmering/isn/Build-an-indoor-sensor-network/tools/msp430/bin/../lib/gcc-lib/msp430/3.2.3/../../../../msp430/lib/msp2/libc.a(memcpy.o)
                                0x5ac (size before relaxing)
 .stab          0x00057abc      0x30c /home/dexter/programmering/isn/Build-an-indoor-sensor-network/tools/msp430/bin/../lib/gcc-lib/msp430/3.2.3/../../../../msp430/lib/msp2/libc.a(memset.o)
                                0x558 (size before relaxing)

.stabstr        0x00000000    0x1ef17
 *(.stabstr)
 .stabstr       0x00000000    0x1ef17 /home/dexter/programmering/isn/Build-an-indoor-sensor-network/tools/msp430/bin/../lib/gcc-lib/msp430/3.2.3/../../../../msp430/lib/crt430x1611.o

.stab.excl
 *(.stab.excl)

.stab.exclstr
 *(.stab.exclstr)

.stab.index
 *(.stab.index)

.stab.indexstr
 *(.stab.indexstr)

.comment
 *(.comment)

.debug
 *(.debug)

.line
 *(.line)

.debug_srcinfo
 *(.debug_srcinfo)

.debug_sfnames
 *(.debug_sfnames)

.debug_aranges
 *(.debug_aranges)

.debug_pubnames
 *(.debug_pubnames)

.debug_info
 *(.debug_info)
 *(.gnu.linkonce.wi.*)

.debug_abbrev
 *(.debug_abbrev)

.debug_line
 *(.debug_line)

.debug_frame
 *(.debug_frame)

.debug_str
 *(.debug_str)

.debug_loc
 *(.debug_loc)

.debug_macinfo
 *(.debug_macinfo)
                0x00003900                PROVIDE (__stack, 0x3900)
                0x0000f0b4                PROVIDE (__data_start_rom, _etext)
                0x0000f4b6                PROVIDE (__data_end_rom, (_etext + SIZEOF (.data)))
                0x0000f4b6                PROVIDE (__noinit_start_rom, (_etext + SIZEOF (.data)))
                0x0000f4b6                PROVIDE (__noinit_end_rom, ((_etext + SIZEOF (.data)) + SIZEOF (.noinit)))
                0x00000000                PROVIDE (__subdevice_has_heap, 0x0)
OUTPUT(sky-shell.sky elf32-msp430)
